
[1m[46m RUN [49m[22m [36mv4.0.18 [39m[90mC:/boembo2[39m

 [31m笶ｯ[39m src/core/engine/__tests__/PipelineRunner.test.ts [2m([22m[2m1 test[22m[2m | [22m[31m1 failed[39m[2m)[22m[32m 10[2mms[22m[39m
[31m     [31mﾃ・[31m runs nodes sequentially based on on_success and resolves variables[39m[32m 8[2mms[22m[39m
node.exe : 
発生場所 行:1 文字:1
+ & "C:\Program Files\node
js/node.exe" "C:\Program F
iles\nodejs/node_mo ...
+ ~~~~~~~~~~~~~~~~~~~~~~~~
~~~~~~~~~~~~~~~~~~~~~~~~~~
~~~~~~~~~~~~~~~~~~~
    + CategoryInfo        
      : NotSpecified: (:  
  String) [], RemoteExc   
 eption
    + FullyQualifiedError 
   Id : NativeCommandErr  
  or
 
[31m竡ｯ竡ｯ竡ｯ竡ｯ竡ｯ竡ｯ竡ｯ[39m[
1m[41m Failed Tests 1 [4
9m[22m[31m竡ｯ竡ｯ竡ｯ竡ｯ竡ｯ竡ｯ竡ｯ
[39m

[41m[1m FAIL [22m[49m 
src/core/engine/__tests__/
PipelineRunner.test.ts[2m
 > [22mPipelineRunner[2m
 > [22mruns nodes sequent
ially based on on_success 
and resolves variables
[31m[1mAssertionError[2
2m: expected undefined to 
be 'hello kamp' // Object.
is equality[39m

[32m- Expected:[39m 
"hello kamp"

[31m+ Received:[39m 
undefined

[36m [2m笶ｯ[22m src/core
/engine/__tests__/Pipeline
Runner.test.ts:[2m44:31[
22m[39m
    [90m 42| [39m
    [90m 43| [39m    [3
4mexpect[39m(ctx[33m.[3
9mvariables[33m.[39mvar1
)[33m.[39m[34mtoBe[39m
([32m'hello'[39m)
    [90m 44| [39m    [3
4mexpect[39m(ctx[33m.[3
9mvariables[33m.[39mval)
[33m.[39m[34mtoBe[39m(
[32m'hello kamp'[39m)
    [90m   | [39m       
                       [3
1m^[39m
    [90m 45| [39m    exp
ect(emitSpy).toHaveBeenCal
ledWith('node:done', expec
t.objectCon窶ｦ
    [90m 46| [39m  })

[31m[2m竡ｯ竡ｯ竡ｯ竡ｯ竡ｯ竡ｯ竡ｯ竡ｯ竡
ｯ竡ｯ竡ｯ竡ｯ竡ｯ竡ｯ竡ｯ竡ｯ竡ｯ竡ｯ竡ｯ竡ｯ竡ｯ竡
ｯ竡ｯ竡ｯ[1/1]竡ｯ[22m[39m


[2m Test Files [22m [1m[31m1 failed[39m[22m[90m (1)[39m
[2m      Tests [22m [1m[31m1 failed[39m[22m[90m (1)[39m
[2m   Start at [22m 18:00:43
[2m   Duration [22m 424ms[2m (transform 154ms, setup 0ms, import 213ms, tests 10ms, environment 0ms)[22m

